Error Code: 11, Message: Resource temporarily unavailable
Error Code: 11, Message: Resource temporarily unavailable
Error Code: 11, Message: Resource temporarily unavailable
Error Code: 11, Message: Resource temporarily unavailable
Error Code: 11, Message: Resource temporarily unavailable
Error Code: 11, Message: Resource temporarily unavailable
Error Code: 11, Message: Resource temporarily unavailable
Error Code: 11, Message: Resource temporarily unavailable
Error Code: 11, Message: Resource temporarily unavailable
Error Code: 11, Message: Resource temporarily unavailable
Error Code: 11, Message: Resource temporarily unavailable
Error Code: 11, Message: Resource temporarily unavailable
Error Code: 11, Message: Resource temporarily unavailable
